src/app/modules/client/client.controller.ts(16,38): error TS2551: Property 'updateProfile' does not exist on type '{ getProfile: (req: Request<ParamsDictionary, any, any, ParsedQs, Record<string, any>>, res: Response<any, Record<string, any>>, next: NextFunction) => Promise<...>; updateUserProfile: (req: Request<...>, res: Response<...>, next: NextFunction) => Promise<...>; updateProviderProfile: (req: Request<...>, res: Respons...'. Did you mean 'updateUserProfile'?
src/app/modules/provider/provider.controller.ts(15,46): error TS2551: Property 'updateProfile' does not exist on type '{ getProfile: (req: Request<ParamsDictionary, any, any, ParsedQs, Record<string, any>>, res: Response<any, Record<string, any>>, next: NextFunction) => Promise<...>; updateUserProfile: (req: Request<...>, res: Response<...>, next: NextFunction) => Promise<...>; updateProviderProfile: (req: Request<...>, res: Respons...'. Did you mean 'updateUserProfile'?
