src/app/modules/auth/auth.validation.ts(144,20): error TS2339: Property 'USER' does not exist on type 'typeof USER_ROLES'.
src/app/modules/category/category.service.ts(3,10): error TS2305: Module '"./category.model"' has no exported member 'CategoryModel'.
src/app/modules/chat/chat.routes.ts(11,19): error TS2339: Property 'USER' does not exist on type 'typeof USER_ROLES'.
src/app/modules/chat/chat.routes.ts(30,19): error TS2339: Property 'USER' does not exist on type 'typeof USER_ROLES'.
src/app/modules/chat/chat.routes.ts(38,19): error TS2339: Property 'USER' does not exist on type 'typeof USER_ROLES'.
src/app/modules/message/message.routes.ts(13,19): error TS2339: Property 'USER' does not exist on type 'typeof USER_ROLES'.
src/app/modules/message/message.routes.ts(21,19): error TS2339: Property 'USER' does not exist on type 'typeof USER_ROLES'.
src/app/modules/message/message.routes.ts(28,19): error TS2339: Property 'USER' does not exist on type 'typeof USER_ROLES'.
src/app/modules/message/message.routes.ts(35,19): error TS2339: Property 'USER' does not exist on type 'typeof USER_ROLES'.
src/app/modules/message/message.routes.ts(42,19): error TS2339: Property 'USER' does not exist on type 'typeof USER_ROLES'.
src/app/modules/message/message.routes.ts(49,19): error TS2339: Property 'USER' does not exist on type 'typeof USER_ROLES'.
src/app/modules/notification/notification.routes.ts(8,21): error TS2339: Property 'USER' does not exist on type 'typeof USER_ROLES'.
src/app/modules/notification/notification.routes.ts(13,21): error TS2339: Property 'USER' does not exist on type 'typeof USER_ROLES'.
src/app/modules/plan/plan.route.ts(16,43): error TS2339: Property 'USER' does not exist on type 'typeof USER_ROLES'.
src/app/modules/plan/plan.route.ts(22,21): error TS2339: Property 'USER' does not exist on type 'typeof USER_ROLES'.
src/app/modules/subscription/subscription.route.ts(13,21): error TS2339: Property 'USER' does not exist on type 'typeof USER_ROLES'.
